%!Adobe-FontList 1.23
%Locale:0x409

%BeginFont
Handler:DirectoryHandler
FontType:Invalid
OutlineFileName:/Users/jorgemuyo/Desktop/A3 IMAGES_AIRTISANSHIP_MDEF/Document fonts/AdobeFnt23.lst
FileLength:1920
FileModTime:740570718
%EndFont

%BeginFont
Handler:DirectoryHandler
FontType:Type1
FontName:NeueRegrade-Bold
FamilyName:Neue Regrade
StyleName:Bold
MenuName:Neue Regrade
StyleBits:2
WeightClass:700
WidthClass:5
AngleClass:0
FullName:Neue Regrade Bold
WritingScript:Roman
OutlineFileName:/Users/jorgemuyo/Desktop/A3 IMAGES_AIRTISANSHIP_MDEF/Document fonts/Neue-Regrade-Bold-BF65af35d84e111.otf
DataFormat:sfntData
UsesStandardEncoding:yes
isCFF:yes
hasSVG:no
VariableFontType:NonVariableFont
FileLength:33612
FileModTime:727695800
NameArray:0,Mac,4,Neue Regrade Bold
NameArray:0,Win,1,Neue Regrade
NameArray:0,Win,16,Neue Regrade
%EndFont

%BeginFont
Handler:DirectoryHandler
FontType:Type1
FontName:NeueRegrade-Medium
FamilyName:Neue Regrade
StyleName:Medium
MenuName:Neue Regrade Medium
StyleBits:0
WeightClass:500
WidthClass:5
AngleClass:0
FullName:Neue Regrade Medium
WritingScript:Roman
OutlineFileName:/Users/jorgemuyo/Desktop/A3 IMAGES_AIRTISANSHIP_MDEF/Document fonts/Neue-Regrade-Medium-BF65af35d843ed6.otf
DataFormat:sfntData
UsesStandardEncoding:yes
isCFF:yes
hasSVG:no
VariableFontType:NonVariableFont
FileLength:33004
FileModTime:727695800
NameArray:0,Mac,4,Neue Regrade Medium
NameArray:0,Win,1,Neue Regrade Medium
NameArray:0,Win,16,Neue Regrade
%EndFont

%BeginFont
Handler:DirectoryHandler
FontType:Type1
FontName:NeueRegrade-Semibold
FamilyName:Neue Regrade
StyleName:Semibold
MenuName:Neue Regrade Semibold
StyleBits:0
WeightClass:600
WidthClass:5
AngleClass:0
FullName:Neue Regrade Semibold
WritingScript:Roman
OutlineFileName:/Users/jorgemuyo/Desktop/A3 IMAGES_AIRTISANSHIP_MDEF/Document fonts/Neue-Regrade-Semibold-BF65af35d8354a8.otf
DataFormat:sfntData
UsesStandardEncoding:yes
isCFF:yes
hasSVG:no
VariableFontType:NonVariableFont
FileLength:33620
FileModTime:727695800
NameArray:0,Mac,4,Neue Regrade Semibold
NameArray:0,Win,1,Neue Regrade Semibold
NameArray:0,Win,16,Neue Regrade
%EndFont

